[Sun Jul 20 14:06:46 2025] PHP 8.2.12 Development Server (http://localhost:8080) started
[Sun Jul 20 14:06:49 2025] [::1]:54492 Accepted
[Sun Jul 20 14:06:49 2025] [::1]:54492 [200]: GET /simple-menu.php
[Sun Jul 20 14:06:49 2025] [::1]:54492 Closing
[Sun Jul 20 14:09:22 2025] [::1]:54515 Accepted
[Sun Jul 20 14:09:22 2025] [::1]:54516 Accepted
[Sun Jul 20 14:09:23 2025] [::1]:54515 [404]: GET /assets/images/products/chiffon-cake.jpg - No such file or directory
[Sun Jul 20 14:09:23 2025] [::1]:54516 [404]: GET /assets/images/products/seasonal-muffin.jpg - No such file or directory
[Sun Jul 20 14:09:23 2025] [::1]:54515 Closing
[Sun Jul 20 14:09:23 2025] [::1]:54516 Closing
[Sun Jul 20 14:12:53 2025] [::1]:54735 Accepted
[Sun Jul 20 14:12:53 2025] [::1]:54736 Accepted
[Sun Jul 20 14:12:53 2025] [::1]:54736 [200]: GET /
[Sun Jul 20 14:12:53 2025] [::1]:54736 Closing
[Sun Jul 20 14:12:54 2025] [::1]:54735 [404]: GET /assets/images/products/chiffon-cake.jpg - No such file or directory
[Sun Jul 20 14:12:54 2025] [::1]:54735 Closing
[Sun Jul 20 14:12:54 2025] [::1]:54737 Accepted
[Sun Jul 20 14:12:54 2025] [::1]:54737 [404]: GET /assets/images/products/seasonal-muffin.jpg - No such file or directory
[Sun Jul 20 14:12:54 2025] [::1]:54737 Closing
[Sun Jul 20 14:13:31 2025] [::1]:54760 Accepted
[Sun Jul 20 14:13:31 2025] [::1]:54760 [200]: GET /simple-menu.php
[Sun Jul 20 14:13:31 2025] [::1]:54760 Closing
[Sun Jul 20 14:30:08 2025] [::1]:55531 Accepted
[Sun Jul 20 14:30:08 2025] [::1]:55532 Accepted
[Sun Jul 20 14:30:08 2025] [::1]:55531 [200]: GET /
[Sun Jul 20 14:30:08 2025] [::1]:55531 Closing
[Sun Jul 20 14:30:08 2025] [::1]:55533 Accepted
[Sun Jul 20 14:30:08 2025] [::1]:55532 [404]: GET /assets/images/products/chiffon-cake.jpg - No such file or directory
[Sun Jul 20 14:30:08 2025] [::1]:55532 Closing
[Sun Jul 20 14:30:08 2025] [::1]:55533 [404]: GET /assets/images/products/seasonal-muffin.jpg - No such file or directory
[Sun Jul 20 14:30:08 2025] [::1]:55533 Closing
[Sun Jul 20 14:30:13 2025] [::1]:55535 Accepted
[Sun Jul 20 14:30:13 2025] [::1]:55536 Accepted
[Sun Jul 20 14:30:13 2025] [::1]:55535 [200]: GET /
[Sun Jul 20 14:30:13 2025] [::1]:55535 Closing
[Sun Jul 20 14:30:13 2025] [::1]:55537 Accepted
[Sun Jul 20 14:30:13 2025] [::1]:55536 [404]: GET /assets/images/products/chiffon-cake.jpg - No such file or directory
[Sun Jul 20 14:30:13 2025] [::1]:55537 [404]: GET /assets/images/products/seasonal-muffin.jpg - No such file or directory
[Sun Jul 20 14:30:13 2025] [::1]:55536 Closing
[Sun Jul 20 14:30:13 2025] [::1]:55537 Closing
[Sun Jul 20 14:30:29 2025] [::1]:55549 Accepted
[Sun Jul 20 14:30:29 2025] [::1]:55549 [404]: GET /.well-known/appspecific/com.chrome.devtools.json - No such file or directory
[Sun Jul 20 14:30:29 2025] [::1]:55549 Closing
[Sun Jul 20 14:31:23 2025] [::1]:55604 Accepted
[Sun Jul 20 14:31:23 2025] [::1]:55604 [200]: GET /simple-menu.php
[Sun Jul 20 14:31:23 2025] [::1]:55604 Closing
[Sun Jul 20 14:31:46 2025] [::1]:55664 Accepted
[Sun Jul 20 14:31:46 2025] [::1]:55665 Accepted
[Sun Jul 20 14:31:46 2025] [::1]:55664 [200]: GET /
[Sun Jul 20 14:31:46 2025] [::1]:55664 Closing
[Sun Jul 20 14:31:46 2025] [::1]:55666 Accepted
[Sun Jul 20 14:31:46 2025] [::1]:55665 [404]: GET /assets/images/products/chiffon-cake.jpg - No such file or directory
[Sun Jul 20 14:31:46 2025] [::1]:55666 [404]: GET /assets/images/products/seasonal-muffin.jpg - No such file or directory
[Sun Jul 20 14:31:46 2025] [::1]:55665 Closing
[Sun Jul 20 14:31:46 2025] [::1]:55666 Closing
[Sun Jul 20 14:31:53 2025] [::1]:55668 Accepted
[Sun Jul 20 14:31:53 2025] [::1]:55668 [404]: GET /.well-known/appspecific/com.chrome.devtools.json - No such file or directory
[Sun Jul 20 14:31:53 2025] [::1]:55668 Closing
[Sun Jul 20 14:32:03 2025] [::1]:55673 Accepted
[Sun Jul 20 14:32:03 2025] [::1]:55674 Accepted
[Sun Jul 20 14:32:03 2025] [::1]:55673 [200]: GET /
[Sun Jul 20 14:32:03 2025] [::1]:55673 Closing
[Sun Jul 20 14:32:03 2025] [::1]:55675 Accepted
[Sun Jul 20 14:32:03 2025] [::1]:55674 [200]: GET /assets/css/style.css
[Sun Jul 20 14:32:03 2025] [::1]:55674 Closing
[Sun Jul 20 14:32:03 2025] [::1]:55676 Accepted
[Sun Jul 20 14:32:03 2025] [::1]:55677 Accepted
[Sun Jul 20 14:32:03 2025] [::1]:55678 Accepted
[Sun Jul 20 14:32:03 2025] [::1]:55679 Accepted
[Sun Jul 20 14:32:03 2025] [::1]:55675 [200]: GET /assets/images/loading.png
[Sun Jul 20 14:32:03 2025] [::1]:55676 [200]: GET /assets/images/logo.png
[Sun Jul 20 14:32:03 2025] [::1]:55677 [200]: GET /assets/images/about-1.jpg
[Sun Jul 20 14:32:03 2025] [::1]:55678 [200]: GET /assets/images/about-2.jpg
[Sun Jul 20 14:32:03 2025] [::1]:55679 [200]: GET /assets/images/about-3.jpg
[Sun Jul 20 14:32:03 2025] [::1]:55676 Closing
[Sun Jul 20 14:32:03 2025] [::1]:55679 Closing
[Sun Jul 20 14:32:03 2025] [::1]:55680 Accepted
[Sun Jul 20 14:32:03 2025] [::1]:55680 [404]: GET /.well-known/appspecific/com.chrome.devtools.json - No such file or directory
[Sun Jul 20 14:32:03 2025] [::1]:55680 Closing
[Sun Jul 20 14:32:03 2025] [::1]:55678 Closing
[Sun Jul 20 14:32:03 2025] [::1]:55681 Accepted
[Sun Jul 20 14:32:03 2025] [::1]:55677 Closing
[Sun Jul 20 14:32:03 2025] [::1]:55681 [200]: GET /assets/js/main.js
[Sun Jul 20 14:32:03 2025] [::1]:55681 Closing
[Sun Jul 20 14:32:03 2025] [::1]:55682 Accepted
[Sun Jul 20 14:32:03 2025] [::1]:55682 [200]: GET /assets/images/logo3.png
[Sun Jul 20 14:32:03 2025] [::1]:55682 Closing
[Sun Jul 20 14:32:03 2025] [::1]:55675 Closing
[Sun Jul 20 14:32:04 2025] [::1]:55685 Accepted
[Sun Jul 20 14:32:04 2025] [::1]:55686 Accepted
[Sun Jul 20 14:32:04 2025] [::1]:55687 Accepted
[Sun Jul 20 14:32:04 2025] [::1]:55688 Accepted
[Sun Jul 20 14:32:04 2025] [::1]:55685 [200]: GET /assets/data/products.json
[Sun Jul 20 14:32:04 2025] [::1]:55686 [200]: GET /assets/data/shops.json
[Sun Jul 20 14:32:04 2025] [::1]:55687 [200]: GET /assets/data/news.json
[Sun Jul 20 14:32:04 2025] [::1]:55685 Closing
[Sun Jul 20 14:32:04 2025] [::1]:55688 [200]: GET /simple-menu.php
[Sun Jul 20 14:32:04 2025] [::1]:55688 Closing
[Sun Jul 20 14:32:04 2025] [::1]:55686 Closing
[Sun Jul 20 14:32:04 2025] [::1]:55687 Closing
[Sun Jul 20 14:32:04 2025] [::1]:55689 Accepted
[Sun Jul 20 14:32:04 2025] [::1]:55690 Accepted
[Sun Jul 20 14:32:04 2025] [::1]:55691 Accepted
[Sun Jul 20 14:32:04 2025] [::1]:55692 Accepted
[Sun Jul 20 14:32:04 2025] [::1]:55693 Accepted
[Sun Jul 20 14:32:04 2025] [::1]:55694 Accepted
[Sun Jul 20 14:32:04 2025] [::1]:55689 [200]: GET /assets/images/products/donguri-cake.jpg
[Sun Jul 20 14:32:04 2025] [::1]:55690 [200]: GET /assets/images/products/honey-cookie.jpg
[Sun Jul 20 14:32:04 2025] [::1]:55691 [200]: GET /assets/images/products/honey-florentine.jpg
[Sun Jul 20 14:32:04 2025] [::1]:55692 [404]: GET /assets/images/products/chiffon-cake.jpg - No such file or directory
[Sun Jul 20 14:32:04 2025] [::1]:55693 [404]: GET /assets/images/products/seasonal-muffin.jpg - No such file or directory
[Sun Jul 20 14:32:04 2025] [::1]:55694 [200]: GET /assets/images/shops/suzuyatch-1.jpg
[Sun Jul 20 14:32:04 2025] [::1]:55692 Closing
[Sun Jul 20 14:32:04 2025] [::1]:55693 Closing
[Sun Jul 20 14:32:04 2025] [::1]:55694 Closing
[Sun Jul 20 14:32:04 2025] [::1]:55691 Closing
[Sun Jul 20 14:32:04 2025] [::1]:55689 Closing
[Sun Jul 20 14:32:04 2025] [::1]:55690 Closing
[Sun Jul 20 14:32:04 2025] [::1]:55695 Accepted
[Sun Jul 20 14:32:04 2025] [::1]:55695 [200]: GET /assets/images/shops/engawa-1.jpg
[Sun Jul 20 14:32:04 2025] [::1]:55695 Closing
[Sun Jul 20 14:32:04 2025] [::1]:55696 Accepted
[Sun Jul 20 14:32:04 2025] [::1]:55697 Accepted
[Sun Jul 20 14:32:04 2025] [::1]:55698 Accepted
[Sun Jul 20 14:32:04 2025] [::1]:55699 Accepted
[Sun Jul 20 14:32:04 2025] [::1]:55696 [200]: GET /assets/images/shops/senzakitchen-1.jpg
[Sun Jul 20 14:32:04 2025] [::1]:55697 [200]: GET /assets/images/shops/yuzuri-1.jpg
[Sun Jul 20 14:32:04 2025] [::1]:55696 Closing
[Sun Jul 20 14:32:04 2025] [::1]:55698 [200]: GET /assets/images/shops/suzuyatch-2.jpg
[Sun Jul 20 14:32:04 2025] [::1]:55697 Closing
[Sun Jul 20 14:32:04 2025] [::1]:55699 [200]: GET /assets/images/shops/engawa-2.jpg
[Sun Jul 20 14:32:04 2025] [::1]:55699 Closing
[Sun Jul 20 14:32:04 2025] [::1]:55700 Accepted
[Sun Jul 20 14:32:04 2025] [::1]:55698 Closing
[Sun Jul 20 14:32:04 2025] [::1]:55701 Accepted
[Sun Jul 20 14:32:04 2025] [::1]:55700 [200]: GET /assets/images/shops/senzakitchen-2.jpg
[Sun Jul 20 14:32:04 2025] [::1]:55701 [200]: GET /assets/images/shops/yuzuri-2.jpg
[Sun Jul 20 14:32:04 2025] [::1]:55700 Closing
[Sun Jul 20 14:32:04 2025] [::1]:55701 Closing
[Sun Jul 20 14:32:04 2025] [::1]:55702 Accepted
[Sun Jul 20 14:32:04 2025] [::1]:55702 [404]: GET /favicon.ico - No such file or directory
[Sun Jul 20 14:32:04 2025] [::1]:55702 Closing
[Sun Jul 20 14:32:14 2025] [::1]:55708 Accepted
[Sun Jul 20 14:32:14 2025] [::1]:55708 [200]: GET /assets/uploads/menus/menu_20250719215549_687bf8454ab3d.png
[Sun Jul 20 14:32:14 2025] [::1]:55708 Closing
[Sun Jul 20 14:32:18 2025] [::1]:55711 Accepted
[Sun Jul 20 14:32:18 2025] [::1]:55711 [200]: GET /assets/images/shops/engawa-2.jpg
[Sun Jul 20 14:32:18 2025] [::1]:55711 Closing
[Sun Jul 20 14:32:43 2025] [::1]:55751 Accepted
[Sun Jul 20 14:32:43 2025] [::1]:55751 [200]: GET /assets/images/shops/suzuyatch-2.jpg
[Sun Jul 20 14:32:43 2025] [::1]:55751 Closing
[Sun Jul 20 14:32:44 2025] [::1]:55752 Accepted
[Sun Jul 20 14:32:44 2025] [::1]:55753 Accepted
[Sun Jul 20 14:32:44 2025] [::1]:55752 [200]: GET /assets/images/shops/senzakitchen-2.jpg
[Sun Jul 20 14:32:44 2025] [::1]:55753 [200]: GET /assets/images/shops/yuzuri-2.jpg
[Sun Jul 20 14:32:44 2025] [::1]:55752 Closing
[Sun Jul 20 14:32:44 2025] [::1]:55753 Closing
[Sun Jul 20 14:33:36 2025] [::1]:55780 Accepted
[Sun Jul 20 14:33:36 2025] [::1]:55780 [200]: GET /assets/images/logo.png
[Sun Jul 20 14:33:36 2025] [::1]:55780 Closing
[Sun Jul 20 14:33:39 2025] [::1]:55782 Accepted
[Sun Jul 20 14:33:39 2025] [::1]:55782 [200]: GET /assets/images/shops/suzuyatch-2.jpg
[Sun Jul 20 14:33:39 2025] [::1]:55782 Closing
[Sun Jul 20 14:33:47 2025] [::1]:55787 Accepted
[Sun Jul 20 14:33:47 2025] [::1]:55788 Accepted
[Sun Jul 20 14:33:47 2025] [::1]:55787 [200]: GET /
[Sun Jul 20 14:33:47 2025] [::1]:55787 Closing
[Sun Jul 20 14:33:47 2025] [::1]:55788 [200]: GET /assets/css/style.css
[Sun Jul 20 14:33:47 2025] [::1]:55788 Closing
[Sun Jul 20 14:33:47 2025] [::1]:55789 Accepted
[Sun Jul 20 14:33:47 2025] [::1]:55789 [404]: GET /.well-known/appspecific/com.chrome.devtools.json - No such file or directory
[Sun Jul 20 14:33:47 2025] [::1]:55789 Closing
[Sun Jul 20 14:33:47 2025] [::1]:55790 Accepted
[Sun Jul 20 14:33:47 2025] [::1]:55790 [200]: GET /assets/images/loading.png
[Sun Jul 20 14:33:47 2025] [::1]:55791 Accepted
[Sun Jul 20 14:33:47 2025] [::1]:55792 Accepted
[Sun Jul 20 14:33:47 2025] [::1]:55793 Accepted
[Sun Jul 20 14:33:47 2025] [::1]:55794 Accepted
[Sun Jul 20 14:33:47 2025] [::1]:55791 [200]: GET /assets/images/logo.png
[Sun Jul 20 14:33:47 2025] [::1]:55792 [200]: GET /assets/images/about-1.jpg
[Sun Jul 20 14:33:47 2025] [::1]:55791 Closing
[Sun Jul 20 14:33:47 2025] [::1]:55795 Accepted
[Sun Jul 20 14:33:47 2025] [::1]:55793 [200]: GET /assets/images/about-2.jpg
[Sun Jul 20 14:33:47 2025] [::1]:55794 [200]: GET /assets/images/about-3.jpg
[Sun Jul 20 14:33:47 2025] [::1]:55795 [200]: GET /assets/js/main.js
[Sun Jul 20 14:33:47 2025] [::1]:55795 Closing
[Sun Jul 20 14:33:47 2025] [::1]:55794 Closing
[Sun Jul 20 14:33:47 2025] [::1]:55793 Closing
[Sun Jul 20 14:33:47 2025] [::1]:55792 Closing
[Sun Jul 20 14:33:47 2025] [::1]:55796 Accepted
[Sun Jul 20 14:33:47 2025] [::1]:55796 [200]: GET /assets/images/logo3.png
[Sun Jul 20 14:33:47 2025] [::1]:55790 Closing
[Sun Jul 20 14:33:47 2025] [::1]:55796 Closing
[Sun Jul 20 14:33:47 2025] [::1]:55797 Accepted
[Sun Jul 20 14:33:47 2025] [::1]:55798 Accepted
[Sun Jul 20 14:33:47 2025] [::1]:55799 Accepted
[Sun Jul 20 14:33:47 2025] [::1]:55800 Accepted
[Sun Jul 20 14:33:47 2025] [::1]:55797 [200]: GET /assets/data/products.json
[Sun Jul 20 14:33:47 2025] [::1]:55798 [200]: GET /assets/data/shops.json
[Sun Jul 20 14:33:47 2025] [::1]:55797 Closing
[Sun Jul 20 14:33:47 2025] [::1]:55799 [200]: GET /assets/data/news.json
[Sun Jul 20 14:33:47 2025] [::1]:55800 [200]: GET /simple-menu.php
[Sun Jul 20 14:33:47 2025] [::1]:55800 Closing
[Sun Jul 20 14:33:47 2025] [::1]:55798 Closing
[Sun Jul 20 14:33:47 2025] [::1]:55799 Closing
[Sun Jul 20 14:33:47 2025] [::1]:55801 Accepted
[Sun Jul 20 14:33:47 2025] [::1]:55802 Accepted
[Sun Jul 20 14:33:47 2025] [::1]:55803 Accepted
[Sun Jul 20 14:33:47 2025] [::1]:55804 Accepted
[Sun Jul 20 14:33:47 2025] [::1]:55805 Accepted
[Sun Jul 20 14:33:47 2025] [::1]:55806 Accepted
[Sun Jul 20 14:33:47 2025] [::1]:55801 [200]: GET /assets/images/products/donguri-cake.jpg
[Sun Jul 20 14:33:47 2025] [::1]:55802 [200]: GET /assets/images/products/honey-cookie.jpg
[Sun Jul 20 14:33:47 2025] [::1]:55803 [200]: GET /assets/images/products/honey-florentine.jpg
[Sun Jul 20 14:33:47 2025] [::1]:55804 [404]: GET /assets/images/products/chiffon-cake.jpg - No such file or directory
[Sun Jul 20 14:33:47 2025] [::1]:55805 [404]: GET /assets/images/products/seasonal-muffin.jpg - No such file or directory
[Sun Jul 20 14:33:47 2025] [::1]:55806 [200]: GET /assets/images/shops/suzuyatch-1.jpg
[Sun Jul 20 14:33:47 2025] [::1]:55804 Closing
[Sun Jul 20 14:33:47 2025] [::1]:55805 Closing
[Sun Jul 20 14:33:47 2025] [::1]:55806 Closing
[Sun Jul 20 14:33:47 2025] [::1]:55801 Closing
[Sun Jul 20 14:33:47 2025] [::1]:55803 Closing
[Sun Jul 20 14:33:47 2025] [::1]:55807 Accepted
[Sun Jul 20 14:33:47 2025] [::1]:55808 Accepted
[Sun Jul 20 14:33:47 2025] [::1]:55809 Accepted
[Sun Jul 20 14:33:47 2025] [::1]:55810 Accepted
[Sun Jul 20 14:33:47 2025] [::1]:55811 Accepted
[Sun Jul 20 14:33:47 2025] [::1]:55807 [200]: GET /assets/images/shops/engawa-1.jpg
[Sun Jul 20 14:33:47 2025] [::1]:55808 [200]: GET /assets/images/shops/senzakitchen-1.jpg
[Sun Jul 20 14:33:47 2025] [::1]:55807 Closing
[Sun Jul 20 14:33:47 2025] [::1]:55809 [200]: GET /assets/images/shops/yuzuri-1.jpg
[Sun Jul 20 14:33:47 2025] [::1]:55802 Closing
[Sun Jul 20 14:33:47 2025] [::1]:55810 [200]: GET /assets/images/shops/suzuyatch-2.jpg
[Sun Jul 20 14:33:47 2025] [::1]:55808 Closing
[Sun Jul 20 14:33:47 2025] [::1]:55809 Closing
[Sun Jul 20 14:33:47 2025] [::1]:55811 [200]: GET /assets/images/shops/engawa-2.jpg
[Sun Jul 20 14:33:47 2025] [::1]:55811 Closing
[Sun Jul 20 14:33:47 2025] [::1]:55810 Closing
[Sun Jul 20 14:33:47 2025] [::1]:55812 Accepted
[Sun Jul 20 14:33:47 2025] [::1]:55812 [200]: GET /assets/images/shops/senzakitchen-2.jpg
[Sun Jul 20 14:33:47 2025] [::1]:55813 Accepted
[Sun Jul 20 14:33:47 2025] [::1]:55814 Accepted
[Sun Jul 20 14:33:47 2025] [::1]:55813 [200]: GET /assets/images/shops/yuzuri-2.jpg
[Sun Jul 20 14:33:47 2025] [::1]:55814 [200]: GET /assets/images/loading.png
[Sun Jul 20 14:33:47 2025] [::1]:55812 Closing
[Sun Jul 20 14:33:47 2025] [::1]:55814 Closing
[Sun Jul 20 14:33:47 2025] [::1]:55813 Closing
[Sun Jul 20 14:33:47 2025] [::1]:55815 Accepted
[Sun Jul 20 14:33:47 2025] [::1]:55815 [404]: GET /favicon.ico - No such file or directory
[Sun Jul 20 14:33:47 2025] [::1]:55815 Closing
[Sun Jul 20 14:33:52 2025] [::1]:55817 Accepted
[Sun Jul 20 14:33:52 2025] [::1]:55817 [200]: GET /assets/images/logo.png
[Sun Jul 20 14:33:52 2025] [::1]:55817 Closing
[Sun Jul 20 14:34:18 2025] [::1]:55876 Accepted
[Sun Jul 20 14:34:18 2025] [::1]:55876 [200]: GET /assets/images/logo.png
[Sun Jul 20 14:34:18 2025] [::1]:55876 Closing
[Sun Jul 20 14:34:19 2025] [::1]:55877 Accepted
[Sun Jul 20 14:34:19 2025] [::1]:55877 [200]: GET /assets/images/shops/yuzuri-2.jpg
[Sun Jul 20 14:34:19 2025] [::1]:55877 Closing
